<?xml version="1.0" encoding="utf-8"?>
<testsuites><testsuite name="django.contrib.auth.tests.auth_backends.AnonymousUserBackendTest"><testcase classname="django.contrib.auth.tests.auth_backends.AnonymousUserBackendTest" name="test_get_all_permissions" time="0.002357"></testcase><testcase classname="django.contrib.auth.tests.auth_backends.AnonymousUserBackendTest" name="test_has_module_perms" time="0.001016"></testcase><testcase classname="django.contrib.auth.tests.auth_backends.AnonymousUserBackendTest" name="test_has_perm" time="0.000713"></testcase><testcase classname="django.contrib.auth.tests.auth_backends.AnonymousUserBackendTest" name="test_has_perms" time="0.000810"></testcase></testsuite><testsuite name="django.contrib.auth.tests.forms.AuthenticationFormTest"><testcase classname="django.contrib.auth.tests.forms.AuthenticationFormTest" name="test_inactive_user" time="0.093180"></testcase><testcase classname="django.contrib.auth.tests.forms.AuthenticationFormTest" name="test_invalid_username" time="0.133730"></testcase><testcase classname="django.contrib.auth.tests.forms.AuthenticationFormTest" name="test_success" time="0.076773"></testcase></testsuite><testsuite name="django.contrib.auth.tests.auth_backends.BackendTest"><testcase classname="django.contrib.auth.tests.auth_backends.BackendTest" name="test_custom_perms" time="4.378564"></testcase><testcase classname="django.contrib.auth.tests.auth_backends.BackendTest" name="test_get_all_superuser_permissions" time="1.346067"></testcase><testcase classname="django.contrib.auth.tests.auth_backends.BackendTest" name="test_has_no_object_perm" time="1.419418"></testcase><testcase classname="django.contrib.auth.tests.auth_backends.BackendTest" name="test_has_perm" time="1.451978"></testcase></testsuite><testsuite name="django.contrib.auth.tests.basic.BasicTestCase"><testcase classname="django.contrib.auth.tests.basic.BasicTestCase" name="test_anonymous_user" time="0.000934"></testcase><testcase classname="django.contrib.auth.tests.basic.BasicTestCase" name="test_createsuperuser_management_command" time="1.414984"></testcase><testcase classname="django.contrib.auth.tests.basic.BasicTestCase" name="test_superuser" time="0.495789"></testcase><testcase classname="django.contrib.auth.tests.basic.BasicTestCase" name="test_user" time="0.583887"></testcase></testsuite><testsuite name="django.contrib.auth.tests.views.ChangePasswordTest"><testcase classname="django.contrib.auth.tests.views.ChangePasswordTest" name="test_password_change_fails_with_invalid_old_password" time="1.010475"></testcase><testcase classname="django.contrib.auth.tests.views.ChangePasswordTest" name="test_password_change_fails_with_mismatched_passwords" time="1.155349"></testcase><testcase classname="django.contrib.auth.tests.views.ChangePasswordTest" name="test_password_change_succeeds" time="2.236973"></testcase></testsuite><testsuite name="django.contrib.auth.tests.auth_backends.InActiveUserBackendTest"><testcase classname="django.contrib.auth.tests.auth_backends.InActiveUserBackendTest" name="test_has_module_perms" time="5.545077"></testcase><testcase classname="django.contrib.auth.tests.auth_backends.InActiveUserBackendTest" name="test_has_perm" time="0.414660"></testcase></testsuite><testsuite name="django.contrib.auth.tests.decorators.LoginRequiredTestCase"><testcase classname="django.contrib.auth.tests.decorators.LoginRequiredTestCase" name="testCallable" time="0.000563"></testcase><testcase classname="django.contrib.auth.tests.decorators.LoginRequiredTestCase" name="testLoginRequired" time="1.144723"></testcase><testcase classname="django.contrib.auth.tests.decorators.LoginRequiredTestCase" name="testLoginRequiredNextUrl" time="1.387808"></testcase><testcase classname="django.contrib.auth.tests.decorators.LoginRequiredTestCase" name="testView" time="0.000432"></testcase></testsuite><testsuite name="django.contrib.auth.tests.views.LoginTest"><testcase classname="django.contrib.auth.tests.views.LoginTest" name="test_current_site_in_context_after_login" time="0.638623"></testcase><testcase classname="django.contrib.auth.tests.views.LoginTest" name="test_security_check" time="7.347985"></testcase></testsuite><testsuite name="django.contrib.auth.tests.views.LoginURLSettings"><testcase classname="django.contrib.auth.tests.views.LoginURLSettings" name="test_https_login_url" time="0.005634"></testcase><testcase classname="django.contrib.auth.tests.views.LoginURLSettings" name="test_login_url_with_querystring" time="0.007056"></testcase><testcase classname="django.contrib.auth.tests.views.LoginURLSettings" name="test_remote_login_url" time="0.003908"></testcase><testcase classname="django.contrib.auth.tests.views.LoginURLSettings" name="test_remote_login_url_with_next_querystring" time="0.003520"></testcase><testcase classname="django.contrib.auth.tests.views.LoginURLSettings" name="test_standard_login_url" time="0.003490"></testcase></testsuite><testsuite name="django.contrib.auth.tests.views.LogoutTest"><testcase classname="django.contrib.auth.tests.views.LogoutTest" name="test_14377" time="2.210026"></testcase><testcase classname="django.contrib.auth.tests.views.LogoutTest" name="test_logout_default" time="1.822377"></testcase><testcase classname="django.contrib.auth.tests.views.LogoutTest" name="test_logout_with_custom_redirect_argument" time="1.446773"></testcase><testcase classname="django.contrib.auth.tests.views.LogoutTest" name="test_logout_with_next_page_specified" time="1.899412"></testcase><testcase classname="django.contrib.auth.tests.views.LogoutTest" name="test_logout_with_overridden_redirect_url" time="1.822982"></testcase><testcase classname="django.contrib.auth.tests.views.LogoutTest" name="test_logout_with_redirect_argument" time="1.359206"></testcase><testcase classname="django.contrib.auth.tests.views.LogoutTest" name="test_security_check" time="17.010364"></testcase></testsuite><testsuite name="django.contrib.auth.tests.auth_backends.NoAnonymousUserBackendTest"><testcase classname="django.contrib.auth.tests.auth_backends.NoAnonymousUserBackendTest" name="test_get_all_permissions" time="0.001038"></testcase><testcase classname="django.contrib.auth.tests.auth_backends.NoAnonymousUserBackendTest" name="test_has_module_perms" time="0.001301"></testcase><testcase classname="django.contrib.auth.tests.auth_backends.NoAnonymousUserBackendTest" name="test_has_perm" time="0.001232"></testcase><testcase classname="django.contrib.auth.tests.auth_backends.NoAnonymousUserBackendTest" name="test_has_perms" time="0.000802"></testcase></testsuite><testsuite name="django.contrib.auth.tests.auth_backends.NoBackendsTest"><testcase classname="django.contrib.auth.tests.auth_backends.NoBackendsTest" name="test_raises_exception" time="5.398287"></testcase></testsuite><testsuite name="django.contrib.auth.tests.auth_backends.NoInActiveUserBackendTest"><testcase classname="django.contrib.auth.tests.auth_backends.NoInActiveUserBackendTest" name="test_has_module_perms" time="0.624162"></testcase><testcase classname="django.contrib.auth.tests.auth_backends.NoInActiveUserBackendTest" name="test_has_perm" time="0.526971"></testcase></testsuite><testsuite name="django.contrib.auth.tests.forms.PasswordChangeFormTest"><testcase classname="django.contrib.auth.tests.forms.PasswordChangeFormTest" name="test_field_order" time="0.090614"></testcase><testcase classname="django.contrib.auth.tests.forms.PasswordChangeFormTest" name="test_incorrect_password" time="0.088892"></testcase><testcase classname="django.contrib.auth.tests.forms.PasswordChangeFormTest" name="test_password_verification" time="0.065343"></testcase><testcase classname="django.contrib.auth.tests.forms.PasswordChangeFormTest" name="test_success" time="0.061085"></testcase></testsuite><testsuite name="django.contrib.auth.tests.forms.PasswordResetFormTest"><testcase classname="django.contrib.auth.tests.forms.PasswordResetFormTest" name="test_bug_5605" time="0.299377"></testcase><testcase classname="django.contrib.auth.tests.forms.PasswordResetFormTest" name="test_cleaned_data" time="0.240151"></testcase><testcase classname="django.contrib.auth.tests.forms.PasswordResetFormTest" name="test_inactive_user" time="0.348323"></testcase><testcase classname="django.contrib.auth.tests.forms.PasswordResetFormTest" name="test_invalid_email" time="0.001145"></testcase><testcase classname="django.contrib.auth.tests.forms.PasswordResetFormTest" name="test_nonexistant_email" time="0.082418"></testcase></testsuite><testsuite name="django.contrib.auth.tests.views.PasswordResetTest"><testcase classname="django.contrib.auth.tests.views.PasswordResetTest" name="test_confirm_complete" time="0.529023"></testcase><testcase classname="django.contrib.auth.tests.views.PasswordResetTest" name="test_confirm_different_passwords" time="0.216808"></testcase><testcase classname="django.contrib.auth.tests.views.PasswordResetTest" name="test_confirm_invalid" time="0.238913"></testcase><testcase classname="django.contrib.auth.tests.views.PasswordResetTest" name="test_confirm_invalid_post" time="0.484241"></testcase><testcase classname="django.contrib.auth.tests.views.PasswordResetTest" name="test_confirm_invalid_user" time="0.148146"></testcase><testcase classname="django.contrib.auth.tests.views.PasswordResetTest" name="test_confirm_overflow_user" time="0.080506"></testcase><testcase classname="django.contrib.auth.tests.views.PasswordResetTest" name="test_confirm_valid" time="0.253884"></testcase><testcase classname="django.contrib.auth.tests.views.PasswordResetTest" name="test_email_found" time="0.149214"></testcase><testcase classname="django.contrib.auth.tests.views.PasswordResetTest" name="test_email_found_custom_from" time="0.141717"></testcase><testcase classname="django.contrib.auth.tests.views.PasswordResetTest" name="test_email_not_found" time="0.142545"></testcase></testsuite><testsuite name="django.contrib.auth.tests.models.ProfileTestCase"><testcase classname="django.contrib.auth.tests.models.ProfileTestCase" name="test_site_profile_not_available" time="0.077706"></testcase></testsuite><testsuite name="django.contrib.auth.tests.remote_user.RemoteUserCustomTest"><testcase classname="django.contrib.auth.tests.remote_user.RemoteUserCustomTest" name="test_known_user" time="3.146306"></testcase><testcase classname="django.contrib.auth.tests.remote_user.RemoteUserCustomTest" name="test_last_login" time="1.490736"></testcase><testcase classname="django.contrib.auth.tests.remote_user.RemoteUserCustomTest" name="test_no_remote_user" time="0.815798"></testcase><testcase classname="django.contrib.auth.tests.remote_user.RemoteUserCustomTest" name="test_unknown_user" time="2.503867"></testcase></testsuite><testsuite name="django.contrib.auth.tests.remote_user.RemoteUserNoCreateTest"><testcase classname="django.contrib.auth.tests.remote_user.RemoteUserNoCreateTest" name="test_known_user" time="3.080388"></testcase><testcase classname="django.contrib.auth.tests.remote_user.RemoteUserNoCreateTest" name="test_last_login" time="1.807442"></testcase><testcase classname="django.contrib.auth.tests.remote_user.RemoteUserNoCreateTest" name="test_no_remote_user" time="0.725170"></testcase><testcase classname="django.contrib.auth.tests.remote_user.RemoteUserNoCreateTest" name="test_unknown_user" time="0.724497"></testcase></testsuite><testsuite name="django.contrib.auth.tests.remote_user.RemoteUserTest"><testcase classname="django.contrib.auth.tests.remote_user.RemoteUserTest" name="test_known_user" time="2.074916"></testcase><testcase classname="django.contrib.auth.tests.remote_user.RemoteUserTest" name="test_last_login" time="1.580363"></testcase><testcase classname="django.contrib.auth.tests.remote_user.RemoteUserTest" name="test_no_remote_user" time="0.795713"></testcase><testcase classname="django.contrib.auth.tests.remote_user.RemoteUserTest" name="test_unknown_user" time="3.437042"></testcase></testsuite><testsuite name="django.contrib.auth.tests.auth_backends.RowlevelBackendTest"><testcase classname="django.contrib.auth.tests.auth_backends.RowlevelBackendTest" name="test_get_all_permissions" time="4.791394"></testcase><testcase classname="django.contrib.auth.tests.auth_backends.RowlevelBackendTest" name="test_get_group_permissions" time="1.147836"></testcase><testcase classname="django.contrib.auth.tests.auth_backends.RowlevelBackendTest" name="test_has_perm" time="0.694052"></testcase></testsuite><testsuite name="django.contrib.auth.tests.forms.SetPasswordFormTest"><testcase classname="django.contrib.auth.tests.forms.SetPasswordFormTest" name="test_password_verification" time="0.109999"></testcase><testcase classname="django.contrib.auth.tests.forms.SetPasswordFormTest" name="test_success" time="0.063833"></testcase></testsuite><testsuite name="django.contrib.auth.tests.signals.SignalTestCase"><testcase classname="django.contrib.auth.tests.signals.SignalTestCase" name="test_login" time="0.949542"></testcase><testcase classname="django.contrib.auth.tests.signals.SignalTestCase" name="test_logout" time="1.549380"></testcase><testcase classname="django.contrib.auth.tests.signals.SignalTestCase" name="test_logout_anonymous" time="0.237843"></testcase></testsuite><testsuite name="django.contrib.auth.tests.permissions.TestAuthPermissions"><testcase classname="django.contrib.auth.tests.permissions.TestAuthPermissions" name="test_permission_register_order" time="0.707077"><error message="(1146, &quot;Table 'test_myjobs1.taggit_taggeditem' doesn't exist&quot;)">Traceback (most recent call last):
  File "/home/ani/.virtualenvs/myjobs/lib/python2.7/site-packages/django/contrib/auth/tests/permissions.py", line 31, in test_permission_register_order
    contenttypes_models.ContentType.objects.all().delete()
  File "/home/ani/.virtualenvs/myjobs/lib/python2.7/site-packages/django/db/models/query.py", line 444, in delete
    collector.collect(del_query)
  File "/home/ani/.virtualenvs/myjobs/lib/python2.7/site-packages/django/db/models/deletion.py", line 168, in collect
    if not sub_objs:
  File "/home/ani/.virtualenvs/myjobs/lib/python2.7/site-packages/django/db/models/query.py", line 113, in __nonzero__
    iter(self).next()
  File "/home/ani/.virtualenvs/myjobs/lib/python2.7/site-packages/django/db/models/query.py", line 107, in _result_iter
    self._fill_cache()
  File "/home/ani/.virtualenvs/myjobs/lib/python2.7/site-packages/django/db/models/query.py", line 772, in _fill_cache
    self._result_cache.append(self._iter.next())
  File "/home/ani/.virtualenvs/myjobs/lib/python2.7/site-packages/django/db/models/query.py", line 273, in iterator
    for row in compiler.results_iter():
  File "/home/ani/.virtualenvs/myjobs/lib/python2.7/site-packages/django/db/models/sql/compiler.py", line 680, in results_iter
    for rows in self.execute_sql(MULTI):
  File "/home/ani/.virtualenvs/myjobs/lib/python2.7/site-packages/django/db/models/sql/compiler.py", line 735, in execute_sql
    cursor.execute(sql, params)
  File "/home/ani/.virtualenvs/myjobs/lib/python2.7/site-packages/django/db/backends/mysql/base.py", line 86, in execute
    return self.cursor.execute(query, args)
  File "/usr/local/lib/python2.7/dist-packages/MySQLdb/cursors.py", line 174, in execute
    self.errorhandler(self, exc, value)
  File "/usr/local/lib/python2.7/dist-packages/MySQLdb/connections.py", line 36, in defaulterrorhandler
    raise errorclass, errorvalue
DatabaseError: (1146, "Table 'test_myjobs1.taggit_taggeditem' doesn't exist")
</error></testcase></testsuite><testsuite name="django.contrib.auth.tests.tokens.TokenGeneratorTest"><testcase classname="django.contrib.auth.tests.tokens.TokenGeneratorTest" name="test_10265" time="0.338233"></testcase><testcase classname="django.contrib.auth.tests.tokens.TokenGeneratorTest" name="test_date_length" time="0.312217"></testcase><testcase classname="django.contrib.auth.tests.tokens.TokenGeneratorTest" name="test_django12_hash" time="0.352413"></testcase><testcase classname="django.contrib.auth.tests.tokens.TokenGeneratorTest" name="test_make_token" time="0.320516"></testcase><testcase classname="django.contrib.auth.tests.tokens.TokenGeneratorTest" name="test_timeout" time="1.026664"></testcase></testsuite><testsuite name="django.contrib.auth.tests.forms.UserChangeFormTest"><testcase classname="django.contrib.auth.tests.forms.UserChangeFormTest" name="test_bug_14242" time="0.003576"></testcase><testcase classname="django.contrib.auth.tests.forms.UserChangeFormTest" name="test_username_validity" time="0.215403"></testcase></testsuite><testsuite name="django.contrib.auth.tests.forms.UserCreationFormTest"><testcase classname="django.contrib.auth.tests.forms.UserCreationFormTest" name="test_both_passwords" time="0.315115"></testcase><testcase classname="django.contrib.auth.tests.forms.UserCreationFormTest" name="test_invalid_data" time="0.003747"></testcase><testcase classname="django.contrib.auth.tests.forms.UserCreationFormTest" name="test_password_verification" time="0.132587"></testcase><testcase classname="django.contrib.auth.tests.forms.UserCreationFormTest" name="test_success" time="0.790044"></testcase><testcase classname="django.contrib.auth.tests.forms.UserCreationFormTest" name="test_user_already_exists" time="0.075420"></testcase></testsuite><testsuite name="django.contrib.contenttypes.tests.ContentTypesTests"><testcase classname="django.contrib.contenttypes.tests.ContentTypesTests" name="test_lookup_cache" time="0.397318"></testcase><testcase classname="django.contrib.contenttypes.tests.ContentTypesTests" name="test_shortcut_view" time="0.890383"></testcase></testsuite><testsuite name="django.contrib.sessions.tests.CacheDBSessionTests"><testcase classname="django.contrib.sessions.tests.CacheDBSessionTests" name="test_clear" time="0.226254"></testcase><testcase classname="django.contrib.sessions.tests.CacheDBSessionTests" name="test_custom_expiry_datetime" time="0.222227"></testcase><testcase classname="django.contrib.sessions.tests.CacheDBSessionTests" name="test_custom_expiry_reset" time="0.194206"></testcase><testcase classname="django.contrib.sessions.tests.CacheDBSessionTests" name="test_custom_expiry_seconds" time="0.202127"></testcase><testcase classname="django.contrib.sessions.tests.CacheDBSessionTests" name="test_custom_expiry_timedelta" time="0.209268"></testcase><testcase classname="django.contrib.sessions.tests.CacheDBSessionTests" name="test_cycle" time="0.823789"></testcase><testcase classname="django.contrib.sessions.tests.CacheDBSessionTests" name="test_decode" time="0.224362"></testcase><testcase classname="django.contrib.sessions.tests.CacheDBSessionTests" name="test_decode_django12" time="0.205275"></testcase><testcase classname="django.contrib.sessions.tests.CacheDBSessionTests" name="test_default_expiry" time="0.219784"></testcase><testcase classname="django.contrib.sessions.tests.CacheDBSessionTests" name="test_delete" time="0.383408"></testcase><testcase classname="django.contrib.sessions.tests.CacheDBSessionTests" name="test_flush" time="0.900276"></testcase><testcase classname="django.contrib.sessions.tests.CacheDBSessionTests" name="test_get_empty" time="0.222545"></testcase><testcase classname="django.contrib.sessions.tests.CacheDBSessionTests" name="test_get_expire_at_browser_close" time="0.410372"></testcase><testcase classname="django.contrib.sessions.tests.CacheDBSessionTests" name="test_has_key" time="0.459754"></testcase><testcase classname="django.contrib.sessions.tests.CacheDBSessionTests" name="test_invalid_key" time="1.156831"></testcase><testcase classname="django.contrib.sessions.tests.CacheDBSessionTests" name="test_iteritems" time="0.288457"></testcase><testcase classname="django.contrib.sessions.tests.CacheDBSessionTests" name="test_iterkeys" time="0.214063"></testcase><testcase classname="django.contrib.sessions.tests.CacheDBSessionTests" name="test_itervalues" time="0.246402"></testcase><testcase classname="django.contrib.sessions.tests.CacheDBSessionTests" name="test_new_session" time="0.517708"></testcase><testcase classname="django.contrib.sessions.tests.CacheDBSessionTests" name="test_pop" time="0.256238"></testcase><testcase classname="django.contrib.sessions.tests.CacheDBSessionTests" name="test_pop_default" time="0.225896"></testcase><testcase classname="django.contrib.sessions.tests.CacheDBSessionTests" name="test_save" time="0.745143"></testcase><testcase classname="django.contrib.sessions.tests.CacheDBSessionTests" name="test_setdefault" time="0.216806"></testcase><testcase classname="django.contrib.sessions.tests.CacheDBSessionTests" name="test_store" time="0.211092"></testcase><testcase classname="django.contrib.sessions.tests.CacheDBSessionTests" name="test_update" time="0.209851"></testcase><testcase classname="django.contrib.sessions.tests.CacheDBSessionTests" name="test_values" time="0.205666"></testcase></testsuite><testsuite name="django.contrib.sessions.tests.CacheSessionTests"><testcase classname="django.contrib.sessions.tests.CacheSessionTests" name="test_clear" time="0.000657"></testcase><testcase classname="django.contrib.sessions.tests.CacheSessionTests" name="test_custom_expiry_datetime" time="0.000500"></testcase><testcase classname="django.contrib.sessions.tests.CacheSessionTests" name="test_custom_expiry_reset" time="0.000465"></testcase><testcase classname="django.contrib.sessions.tests.CacheSessionTests" name="test_custom_expiry_seconds" time="0.000526"></testcase><testcase classname="django.contrib.sessions.tests.CacheSessionTests" name="test_custom_expiry_timedelta" time="0.000452"></testcase><testcase classname="django.contrib.sessions.tests.CacheSessionTests" name="test_cycle" time="0.003051"></testcase><testcase classname="django.contrib.sessions.tests.CacheSessionTests" name="test_decode" time="0.000853"></testcase><testcase classname="django.contrib.sessions.tests.CacheSessionTests" name="test_decode_django12" time="0.000516"></testcase><testcase classname="django.contrib.sessions.tests.CacheSessionTests" name="test_default_expiry" time="0.000365"></testcase><testcase classname="django.contrib.sessions.tests.CacheSessionTests" name="test_delete" time="0.001943"></testcase><testcase classname="django.contrib.sessions.tests.CacheSessionTests" name="test_flush" time="0.001665"></testcase><testcase classname="django.contrib.sessions.tests.CacheSessionTests" name="test_get_empty" time="0.000196"></testcase><testcase classname="django.contrib.sessions.tests.CacheSessionTests" name="test_get_expire_at_browser_close" time="0.000397"></testcase><testcase classname="django.contrib.sessions.tests.CacheSessionTests" name="test_has_key" time="0.000185"></testcase><testcase classname="django.contrib.sessions.tests.CacheSessionTests" name="test_invalid_key" time="0.003370"></testcase><testcase classname="django.contrib.sessions.tests.CacheSessionTests" name="test_iteritems" time="0.000334"></testcase><testcase classname="django.contrib.sessions.tests.CacheSessionTests" name="test_iterkeys" time="0.000994"></testcase><testcase classname="django.contrib.sessions.tests.CacheSessionTests" name="test_itervalues" time="0.000268"></testcase><testcase classname="django.contrib.sessions.tests.CacheSessionTests" name="test_new_session" time="0.000386"></testcase><testcase classname="django.contrib.sessions.tests.CacheSessionTests" name="test_pop" time="0.000230"></testcase><testcase classname="django.contrib.sessions.tests.CacheSessionTests" name="test_pop_default" time="0.000227"></testcase><testcase classname="django.contrib.sessions.tests.CacheSessionTests" name="test_save" time="0.001925"></testcase><testcase classname="django.contrib.sessions.tests.CacheSessionTests" name="test_setdefault" time="0.000234"></testcase><testcase classname="django.contrib.sessions.tests.CacheSessionTests" name="test_store" time="0.000188"></testcase><testcase classname="django.contrib.sessions.tests.CacheSessionTests" name="test_update" time="0.000504"></testcase><testcase classname="django.contrib.sessions.tests.CacheSessionTests" name="test_values" time="0.000230"></testcase></testsuite><testsuite name="django.contrib.sessions.tests.DatabaseSessionTests"><testcase classname="django.contrib.sessions.tests.DatabaseSessionTests" name="test_clear" time="0.000338"></testcase><testcase classname="django.contrib.sessions.tests.DatabaseSessionTests" name="test_custom_expiry_datetime" time="0.000309"></testcase><testcase classname="django.contrib.sessions.tests.DatabaseSessionTests" name="test_custom_expiry_reset" time="0.000291"></testcase><testcase classname="django.contrib.sessions.tests.DatabaseSessionTests" name="test_custom_expiry_seconds" time="0.000270"></testcase><testcase classname="django.contrib.sessions.tests.DatabaseSessionTests" name="test_custom_expiry_timedelta" time="0.000285"></testcase><testcase classname="django.contrib.sessions.tests.DatabaseSessionTests" name="test_cycle" time="1.004467"></testcase><testcase classname="django.contrib.sessions.tests.DatabaseSessionTests" name="test_decode" time="0.001278"></testcase><testcase classname="django.contrib.sessions.tests.DatabaseSessionTests" name="test_decode_django12" time="0.001025"></testcase><testcase classname="django.contrib.sessions.tests.DatabaseSessionTests" name="test_default_expiry" time="0.000529"></testcase><testcase classname="django.contrib.sessions.tests.DatabaseSessionTests" name="test_delete" time="0.598483"></testcase><testcase classname="django.contrib.sessions.tests.DatabaseSessionTests" name="test_flush" time="1.398800"></testcase><testcase classname="django.contrib.sessions.tests.DatabaseSessionTests" name="test_get_empty" time="0.000518"></testcase><testcase classname="django.contrib.sessions.tests.DatabaseSessionTests" name="test_get_expire_at_browser_close" time="0.000851"></testcase><testcase classname="django.contrib.sessions.tests.DatabaseSessionTests" name="test_has_key" time="0.000370"></testcase><testcase classname="django.contrib.sessions.tests.DatabaseSessionTests" name="test_invalid_key" time="1.099077"></testcase><testcase classname="django.contrib.sessions.tests.DatabaseSessionTests" name="test_iteritems" time="0.000639"></testcase><testcase classname="django.contrib.sessions.tests.DatabaseSessionTests" name="test_iterkeys" time="0.000434"></testcase><testcase classname="django.contrib.sessions.tests.DatabaseSessionTests" name="test_itervalues" time="0.000406"></testcase><testcase classname="django.contrib.sessions.tests.DatabaseSessionTests" name="test_new_session" time="0.000264"></testcase><testcase classname="django.contrib.sessions.tests.DatabaseSessionTests" name="test_pop" time="0.000465"></testcase><testcase classname="django.contrib.sessions.tests.DatabaseSessionTests" name="test_pop_default" time="0.000345"></testcase><testcase classname="django.contrib.sessions.tests.DatabaseSessionTests" name="test_save" time="0.767960"></testcase><testcase classname="django.contrib.sessions.tests.DatabaseSessionTests" name="test_session_get_decoded" time="0.582485"></testcase><testcase classname="django.contrib.sessions.tests.DatabaseSessionTests" name="test_sessionmanager_save" time="0.666145"></testcase><testcase classname="django.contrib.sessions.tests.DatabaseSessionTests" name="test_setdefault" time="0.000586"></testcase><testcase classname="django.contrib.sessions.tests.DatabaseSessionTests" name="test_store" time="0.000380"></testcase><testcase classname="django.contrib.sessions.tests.DatabaseSessionTests" name="test_update" time="0.000376"></testcase><testcase classname="django.contrib.sessions.tests.DatabaseSessionTests" name="test_values" time="0.000422"></testcase></testsuite><testsuite name="django.contrib.sessions.tests.FileSessionTests"><testcase classname="django.contrib.sessions.tests.FileSessionTests" name="test_clear" time="0.003475"></testcase><testcase classname="django.contrib.sessions.tests.FileSessionTests" name="test_configuration_check" time="0.000760"></testcase><testcase classname="django.contrib.sessions.tests.FileSessionTests" name="test_custom_expiry_datetime" time="0.000750"></testcase><testcase classname="django.contrib.sessions.tests.FileSessionTests" name="test_custom_expiry_reset" time="0.000768"></testcase><testcase classname="django.contrib.sessions.tests.FileSessionTests" name="test_custom_expiry_seconds" time="0.001061"></testcase><testcase classname="django.contrib.sessions.tests.FileSessionTests" name="test_custom_expiry_timedelta" time="0.000839"></testcase><testcase classname="django.contrib.sessions.tests.FileSessionTests" name="test_cycle" time="0.003221"></testcase><testcase classname="django.contrib.sessions.tests.FileSessionTests" name="test_decode" time="0.001021"></testcase><testcase classname="django.contrib.sessions.tests.FileSessionTests" name="test_decode_django12" time="0.001061"></testcase><testcase classname="django.contrib.sessions.tests.FileSessionTests" name="test_default_expiry" time="0.000759"></testcase><testcase classname="django.contrib.sessions.tests.FileSessionTests" name="test_delete" time="0.001014"></testcase><testcase classname="django.contrib.sessions.tests.FileSessionTests" name="test_flush" time="0.004454"></testcase><testcase classname="django.contrib.sessions.tests.FileSessionTests" name="test_get_empty" time="0.000778"></testcase><testcase classname="django.contrib.sessions.tests.FileSessionTests" name="test_get_expire_at_browser_close" time="0.000955"></testcase><testcase classname="django.contrib.sessions.tests.FileSessionTests" name="test_has_key" time="0.000991"></testcase><testcase classname="django.contrib.sessions.tests.FileSessionTests" name="test_invalid_key" time="0.003265"></testcase><testcase classname="django.contrib.sessions.tests.FileSessionTests" name="test_invalid_key_backslash" time="0.000824"></testcase><testcase classname="django.contrib.sessions.tests.FileSessionTests" name="test_invalid_key_forwardslash" time="0.000708"></testcase><testcase classname="django.contrib.sessions.tests.FileSessionTests" name="test_iteritems" time="0.000731"></testcase><testcase classname="django.contrib.sessions.tests.FileSessionTests" name="test_iterkeys" time="0.000742"></testcase><testcase classname="django.contrib.sessions.tests.FileSessionTests" name="test_itervalues" time="0.000726"></testcase><testcase classname="django.contrib.sessions.tests.FileSessionTests" name="test_new_session" time="0.000609"></testcase><testcase classname="django.contrib.sessions.tests.FileSessionTests" name="test_pop" time="0.000783"></testcase><testcase classname="django.contrib.sessions.tests.FileSessionTests" name="test_pop_default" time="0.000804"></testcase><testcase classname="django.contrib.sessions.tests.FileSessionTests" name="test_save" time="0.001883"></testcase><testcase classname="django.contrib.sessions.tests.FileSessionTests" name="test_setdefault" time="0.000743"></testcase><testcase classname="django.contrib.sessions.tests.FileSessionTests" name="test_store" time="0.000712"></testcase><testcase classname="django.contrib.sessions.tests.FileSessionTests" name="test_update" time="0.000679"></testcase><testcase classname="django.contrib.sessions.tests.FileSessionTests" name="test_values" time="0.000707"></testcase></testsuite><testsuite name="django.contrib.sessions.tests.SessionMiddlewareTests"><testcase classname="django.contrib.sessions.tests.SessionMiddlewareTests" name="test_httponly_session_cookie" time="0.437425"></testcase><testcase classname="django.contrib.sessions.tests.SessionMiddlewareTests" name="test_secure_session_cookie" time="0.201629"></testcase></testsuite><testsuite name="django.contrib.sites.tests.SitesFrameworkTests"><testcase classname="django.contrib.sites.tests.SitesFrameworkTests" name="test_get_current_site" time="0.409433"></testcase><testcase classname="django.contrib.sites.tests.SitesFrameworkTests" name="test_site_cache" time="0.613655"></testcase><testcase classname="django.contrib.sites.tests.SitesFrameworkTests" name="test_site_manager" time="0.576303"></testcase></testsuite><testsuite name="django.contrib.messages.tests.cookie.CookieTest"><testcase classname="django.contrib.messages.tests.cookie.CookieTest" name="test_add" time="0.002506"></testcase><testcase classname="django.contrib.messages.tests.cookie.CookieTest" name="test_add_lazy_translation" time="0.003445"></testcase><testcase classname="django.contrib.messages.tests.cookie.CookieTest" name="test_add_update" time="0.002865"></testcase><testcase classname="django.contrib.messages.tests.cookie.CookieTest" name="test_custom_tags" time="0.001302"></testcase><testcase classname="django.contrib.messages.tests.cookie.CookieTest" name="test_default_level" time="0.001048"></testcase><testcase classname="django.contrib.messages.tests.cookie.CookieTest" name="test_domain" time="0.001748"></testcase><testcase classname="django.contrib.messages.tests.cookie.CookieTest" name="test_existing_add" time="0.000771"></testcase><testcase classname="django.contrib.messages.tests.cookie.CookieTest" name="test_existing_add_read_update" time="0.000950"></testcase><testcase classname="django.contrib.messages.tests.cookie.CookieTest" name="test_existing_read" time="0.000713"></testcase><testcase classname="django.contrib.messages.tests.cookie.CookieTest" name="test_existing_read_add_update" time="0.001650"></testcase><testcase classname="django.contrib.messages.tests.cookie.CookieTest" name="test_full_request_response_cycle" time="0.343519"></testcase><testcase classname="django.contrib.messages.tests.cookie.CookieTest" name="test_get" time="0.002321"></testcase><testcase classname="django.contrib.messages.tests.cookie.CookieTest" name="test_get_bad_cookie" time="0.001623"></testcase><testcase classname="django.contrib.messages.tests.cookie.CookieTest" name="test_high_level" time="0.001485"></testcase><testcase classname="django.contrib.messages.tests.cookie.CookieTest" name="test_json_encoder_decoder" time="0.001494"></testcase><testcase classname="django.contrib.messages.tests.cookie.CookieTest" name="test_low_level" time="0.000834"></testcase><testcase classname="django.contrib.messages.tests.cookie.CookieTest" name="test_max_cookie_length" time="0.021567"></testcase><testcase classname="django.contrib.messages.tests.cookie.CookieTest" name="test_middleware_disabled_anon_user" time="0.116794"></testcase><testcase classname="django.contrib.messages.tests.cookie.CookieTest" name="test_middleware_disabled_anon_user_fail_silently" time="0.368382"></testcase><testcase classname="django.contrib.messages.tests.cookie.CookieTest" name="test_middleware_disabled_auth_user" time="11.114661"></testcase><testcase classname="django.contrib.messages.tests.cookie.CookieTest" name="test_multiple_posts" time="5.357826"></testcase><testcase classname="django.contrib.messages.tests.cookie.CookieTest" name="test_no_update" time="0.001231"></testcase><testcase classname="django.contrib.messages.tests.cookie.CookieTest" name="test_settings_level" time="0.001351"></testcase><testcase classname="django.contrib.messages.tests.cookie.CookieTest" name="test_tags" time="0.001909"></testcase><testcase classname="django.contrib.messages.tests.cookie.CookieTest" name="test_with_template_response" time="0.388200"></testcase></testsuite><testsuite name="django.contrib.messages.tests.fallback.FallbackTest"><testcase classname="django.contrib.messages.tests.fallback.FallbackTest" name="test_add" time="0.001574"></testcase><testcase classname="django.contrib.messages.tests.fallback.FallbackTest" name="test_add_lazy_translation" time="0.001698"></testcase><testcase classname="django.contrib.messages.tests.fallback.FallbackTest" name="test_add_update" time="0.008435"></testcase><testcase classname="django.contrib.messages.tests.fallback.FallbackTest" name="test_custom_tags" time="0.001111"></testcase><testcase classname="django.contrib.messages.tests.fallback.FallbackTest" name="test_default_level" time="0.000819"></testcase><testcase classname="django.contrib.messages.tests.fallback.FallbackTest" name="test_existing_add" time="0.000631"></testcase><testcase classname="django.contrib.messages.tests.fallback.FallbackTest" name="test_existing_add_read_update" time="0.000751"></testcase><testcase classname="django.contrib.messages.tests.fallback.FallbackTest" name="test_existing_read" time="0.000587"></testcase><testcase classname="django.contrib.messages.tests.fallback.FallbackTest" name="test_existing_read_add_update" time="0.001682"></testcase><testcase classname="django.contrib.messages.tests.fallback.FallbackTest" name="test_flush_used_backends" time="0.001383"></testcase><testcase classname="django.contrib.messages.tests.fallback.FallbackTest" name="test_full_request_response_cycle" time="0.301515"></testcase><testcase classname="django.contrib.messages.tests.fallback.FallbackTest" name="test_get" time="0.002432"></testcase><testcase classname="django.contrib.messages.tests.fallback.FallbackTest" name="test_get_empty" time="0.001061"></testcase><testcase classname="django.contrib.messages.tests.fallback.FallbackTest" name="test_get_fallback" time="0.002033"></testcase><testcase classname="django.contrib.messages.tests.fallback.FallbackTest" name="test_get_fallback_only" time="0.002052"></testcase><testcase classname="django.contrib.messages.tests.fallback.FallbackTest" name="test_high_level" time="0.001203"></testcase><testcase classname="django.contrib.messages.tests.fallback.FallbackTest" name="test_low_level" time="0.000702"></testcase><testcase classname="django.contrib.messages.tests.fallback.FallbackTest" name="test_middleware_disabled_anon_user" time="0.048010"></testcase><testcase classname="django.contrib.messages.tests.fallback.FallbackTest" name="test_middleware_disabled_anon_user_fail_silently" time="0.561333"></testcase><testcase classname="django.contrib.messages.tests.fallback.FallbackTest" name="test_middleware_disabled_auth_user" time="10.456934"></testcase><testcase classname="django.contrib.messages.tests.fallback.FallbackTest" name="test_multiple_posts" time="5.394678"></testcase><testcase classname="django.contrib.messages.tests.fallback.FallbackTest" name="test_no_fallback" time="0.004172"></testcase><testcase classname="django.contrib.messages.tests.fallback.FallbackTest" name="test_no_update" time="0.001142"></testcase><testcase classname="django.contrib.messages.tests.fallback.FallbackTest" name="test_session_fallback" time="0.007995"></testcase><testcase classname="django.contrib.messages.tests.fallback.FallbackTest" name="test_session_fallback_only" time="0.003689"></testcase><testcase classname="django.contrib.messages.tests.fallback.FallbackTest" name="test_settings_level" time="0.000814"></testcase><testcase classname="django.contrib.messages.tests.fallback.FallbackTest" name="test_tags" time="0.000960"></testcase><testcase classname="django.contrib.messages.tests.fallback.FallbackTest" name="test_with_template_response" time="0.324948"></testcase></testsuite><testsuite name="django.contrib.messages.tests.user_messages.LegacyFallbackTest"><testcase classname="django.contrib.messages.tests.user_messages.LegacyFallbackTest" name="test_add" time="0.299667"></testcase><testcase classname="django.contrib.messages.tests.user_messages.LegacyFallbackTest" name="test_add_lazy_translation" time="0.318308"></testcase><testcase classname="django.contrib.messages.tests.user_messages.LegacyFallbackTest" name="test_add_update" time="0.337522"></testcase><testcase classname="django.contrib.messages.tests.user_messages.LegacyFallbackTest" name="test_custom_tags" time="0.308577"></testcase><testcase classname="django.contrib.messages.tests.user_messages.LegacyFallbackTest" name="test_default_level" time="0.267944"></testcase><testcase classname="django.contrib.messages.tests.user_messages.LegacyFallbackTest" name="test_existing_add" time="0.284437"></testcase><testcase classname="django.contrib.messages.tests.user_messages.LegacyFallbackTest" name="test_existing_add_read_update" time="0.372137"></testcase><testcase classname="django.contrib.messages.tests.user_messages.LegacyFallbackTest" name="test_existing_read" time="0.248548"></testcase><testcase classname="django.contrib.messages.tests.user_messages.LegacyFallbackTest" name="test_existing_read_add_update" time="0.377413"></testcase><testcase classname="django.contrib.messages.tests.user_messages.LegacyFallbackTest" name="test_flush_used_backends" time="0.358518"></testcase><testcase classname="django.contrib.messages.tests.user_messages.LegacyFallbackTest" name="test_full_request_response_cycle" time="0.849830"></testcase><testcase classname="django.contrib.messages.tests.user_messages.LegacyFallbackTest" name="test_get" time="0.517492"></testcase><testcase classname="django.contrib.messages.tests.user_messages.LegacyFallbackTest" name="test_get_empty" time="0.544097"></testcase><testcase classname="django.contrib.messages.tests.user_messages.LegacyFallbackTest" name="test_get_fallback" time="0.399059"></testcase><testcase classname="django.contrib.messages.tests.user_messages.LegacyFallbackTest" name="test_get_fallback_only" time="0.428199"></testcase><testcase classname="django.contrib.messages.tests.user_messages.LegacyFallbackTest" name="test_get_legacy" time="0.439035"></testcase><testcase classname="django.contrib.messages.tests.user_messages.LegacyFallbackTest" name="test_get_legacy_only" time="0.462133"></testcase><testcase classname="django.contrib.messages.tests.user_messages.LegacyFallbackTest" name="test_high_level" time="0.450884"></testcase><testcase classname="django.contrib.messages.tests.user_messages.LegacyFallbackTest" name="test_low_level" time="0.723705"></testcase><testcase classname="django.contrib.messages.tests.user_messages.LegacyFallbackTest" name="test_middleware_disabled_anon_user" time="0.554554"></testcase><testcase classname="django.contrib.messages.tests.user_messages.LegacyFallbackTest" name="test_middleware_disabled_anon_user_fail_silently" time="0.734144"></testcase><testcase classname="django.contrib.messages.tests.user_messages.LegacyFallbackTest" name="test_middleware_disabled_auth_user" time="9.561748"></testcase><testcase classname="django.contrib.messages.tests.user_messages.LegacyFallbackTest" name="test_multiple_posts" time="5.488840"></testcase><testcase classname="django.contrib.messages.tests.user_messages.LegacyFallbackTest" name="test_no_fallback" time="0.614051"></testcase><testcase classname="django.contrib.messages.tests.user_messages.LegacyFallbackTest" name="test_no_update" time="0.276511"></testcase><testcase classname="django.contrib.messages.tests.user_messages.LegacyFallbackTest" name="test_session_fallback" time="0.364583"></testcase><testcase classname="django.contrib.messages.tests.user_messages.LegacyFallbackTest" name="test_session_fallback_only" time="0.353126"></testcase><testcase classname="django.contrib.messages.tests.user_messages.LegacyFallbackTest" name="test_settings_level" time="0.317533"></testcase><testcase classname="django.contrib.messages.tests.user_messages.LegacyFallbackTest" name="test_tags" time="0.275643"></testcase><testcase classname="django.contrib.messages.tests.user_messages.LegacyFallbackTest" name="test_with_template_response" time="0.466594"></testcase></testsuite><testsuite name="django.contrib.messages.tests.middleware.MiddlewareTest"><testcase classname="django.contrib.messages.tests.middleware.MiddlewareTest" name="test_response_without_messages" time="0.000570"></testcase></testsuite><testsuite name="django.contrib.messages.tests.session.SessionTest"><testcase classname="django.contrib.messages.tests.session.SessionTest" name="test_add" time="0.001145"></testcase><testcase classname="django.contrib.messages.tests.session.SessionTest" name="test_add_lazy_translation" time="0.001399"></testcase><testcase classname="django.contrib.messages.tests.session.SessionTest" name="test_add_update" time="0.002193"></testcase><testcase classname="django.contrib.messages.tests.session.SessionTest" name="test_custom_tags" time="0.001242"></testcase><testcase classname="django.contrib.messages.tests.session.SessionTest" name="test_default_level" time="0.001020"></testcase><testcase classname="django.contrib.messages.tests.session.SessionTest" name="test_existing_add" time="0.000706"></testcase><testcase classname="django.contrib.messages.tests.session.SessionTest" name="test_existing_add_read_update" time="0.000825"></testcase><testcase classname="django.contrib.messages.tests.session.SessionTest" name="test_existing_read" time="0.000719"></testcase><testcase classname="django.contrib.messages.tests.session.SessionTest" name="test_existing_read_add_update" time="0.000903"></testcase><testcase classname="django.contrib.messages.tests.session.SessionTest" name="test_full_request_response_cycle" time="3.139075"></testcase><testcase classname="django.contrib.messages.tests.session.SessionTest" name="test_get" time="0.001304"></testcase><testcase classname="django.contrib.messages.tests.session.SessionTest" name="test_high_level" time="0.001133"></testcase><testcase classname="django.contrib.messages.tests.session.SessionTest" name="test_low_level" time="0.001512"></testcase><testcase classname="django.contrib.messages.tests.session.SessionTest" name="test_middleware_disabled_anon_user" time="0.076949"></testcase><testcase classname="django.contrib.messages.tests.session.SessionTest" name="test_middleware_disabled_anon_user_fail_silently" time="0.288753"></testcase><testcase classname="django.contrib.messages.tests.session.SessionTest" name="test_middleware_disabled_auth_user" time="10.859755"></testcase><testcase classname="django.contrib.messages.tests.session.SessionTest" name="test_multiple_posts" time="2.244159"></testcase><testcase classname="django.contrib.messages.tests.session.SessionTest" name="test_no_update" time="0.000703"></testcase><testcase classname="django.contrib.messages.tests.session.SessionTest" name="test_settings_level" time="0.000699"></testcase><testcase classname="django.contrib.messages.tests.session.SessionTest" name="test_tags" time="0.000973"></testcase><testcase classname="django.contrib.messages.tests.session.SessionTest" name="test_with_template_response" time="2.750788"></testcase></testsuite><testsuite name="django.contrib.messages.tests.user_messages.UserMessagesTest"><testcase classname="django.contrib.messages.tests.user_messages.UserMessagesTest" name="test_add" time="0.336940"></testcase><testcase classname="django.contrib.messages.tests.user_messages.UserMessagesTest" name="test_get" time="0.397304"></testcase><testcase classname="django.contrib.messages.tests.user_messages.UserMessagesTest" name="test_get_anonymous" time="0.267119"></testcase></testsuite><testsuite name="django.contrib.flatpages.tests.forms.FlatpageAdminFormTests"><testcase classname="django.contrib.flatpages.tests.forms.FlatpageAdminFormTests" name="test_flatpage_admin_form_url_validation" time="0.755509"></testcase></testsuite><testsuite name="django.contrib.flatpages.tests.csrf.FlatpageCSRFTests"><testcase classname="django.contrib.flatpages.tests.csrf.FlatpageCSRFTests" name="test_fallback_flatpage" time="0.304896"></testcase><testcase classname="django.contrib.flatpages.tests.csrf.FlatpageCSRFTests" name="test_fallback_non_existent_flatpage" time="0.263443"></testcase><testcase classname="django.contrib.flatpages.tests.csrf.FlatpageCSRFTests" name="test_post_fallback_flatpage" time="0.283752"></testcase><testcase classname="django.contrib.flatpages.tests.csrf.FlatpageCSRFTests" name="test_post_unknown_page" time="0.302802"></testcase><testcase classname="django.contrib.flatpages.tests.csrf.FlatpageCSRFTests" name="test_post_view_flatpage" time="0.012967"></testcase><testcase classname="django.contrib.flatpages.tests.csrf.FlatpageCSRFTests" name="test_view_authenticated_flatpage" time="1.283746"></testcase><testcase classname="django.contrib.flatpages.tests.csrf.FlatpageCSRFTests" name="test_view_flatpage" time="0.160822"></testcase><testcase classname="django.contrib.flatpages.tests.csrf.FlatpageCSRFTests" name="test_view_non_existent_flatpage" time="0.379206"></testcase></testsuite><testsuite name="django.contrib.flatpages.tests.middleware.FlatpageMiddlewareTests"><testcase classname="django.contrib.flatpages.tests.middleware.FlatpageMiddlewareTests" name="test_fallback_authenticated_flatpage" time="1.572295"></testcase><testcase classname="django.contrib.flatpages.tests.middleware.FlatpageMiddlewareTests" name="test_fallback_flatpage" time="0.286871"></testcase><testcase classname="django.contrib.flatpages.tests.middleware.FlatpageMiddlewareTests" name="test_fallback_non_existent_flatpage" time="0.253797"></testcase><testcase classname="django.contrib.flatpages.tests.middleware.FlatpageMiddlewareTests" name="test_view_authenticated_flatpage" time="1.402226"></testcase><testcase classname="django.contrib.flatpages.tests.middleware.FlatpageMiddlewareTests" name="test_view_flatpage" time="0.144323"></testcase><testcase classname="django.contrib.flatpages.tests.middleware.FlatpageMiddlewareTests" name="test_view_non_existent_flatpage" time="0.375911"></testcase></testsuite><testsuite name="django.contrib.flatpages.tests.templatetags.FlatpageTemplateTagTests"><testcase classname="django.contrib.flatpages.tests.templatetags.FlatpageTemplateTagTests" name="test_get_flatpages_tag" time="0.203193"></testcase><testcase classname="django.contrib.flatpages.tests.templatetags.FlatpageTemplateTagTests" name="test_get_flatpages_tag_for_anon_user" time="0.191280"></testcase><testcase classname="django.contrib.flatpages.tests.templatetags.FlatpageTemplateTagTests" name="test_get_flatpages_tag_for_user" time="0.174223"></testcase><testcase classname="django.contrib.flatpages.tests.templatetags.FlatpageTemplateTagTests" name="test_get_flatpages_with_prefix" time="0.192605"></testcase><testcase classname="django.contrib.flatpages.tests.templatetags.FlatpageTemplateTagTests" name="test_get_flatpages_with_prefix_for_anon_user" time="0.294937"></testcase><testcase classname="django.contrib.flatpages.tests.templatetags.FlatpageTemplateTagTests" name="test_get_flatpages_with_prefix_for_user" time="0.358232"></testcase><testcase classname="django.contrib.flatpages.tests.templatetags.FlatpageTemplateTagTests" name="test_get_flatpages_with_variable_prefix" time="0.466526"></testcase><testcase classname="django.contrib.flatpages.tests.templatetags.FlatpageTemplateTagTests" name="test_parsing_errors" time="0.144112"></testcase></testsuite><testsuite name="django.contrib.flatpages.tests.views.FlatpageViewTests"><testcase classname="django.contrib.flatpages.tests.views.FlatpageViewTests" name="test_fallback_flatpage" time="0.185158"></testcase><testcase classname="django.contrib.flatpages.tests.views.FlatpageViewTests" name="test_fallback_non_existent_flatpage" time="0.188921"></testcase><testcase classname="django.contrib.flatpages.tests.views.FlatpageViewTests" name="test_view_authenticated_flatpage" time="2.355816"></testcase><testcase classname="django.contrib.flatpages.tests.views.FlatpageViewTests" name="test_view_flatpage" time="0.241262"></testcase><testcase classname="django.contrib.flatpages.tests.views.FlatpageViewTests" name="test_view_flatpage_special_chars" time="0.340960"></testcase><testcase classname="django.contrib.flatpages.tests.views.FlatpageViewTests" name="test_view_non_existent_flatpage" time="0.298725"></testcase></testsuite><testsuite name="django_jenkins.tests.SanityCheckTest"><testcase classname="django_jenkins.tests.SanityCheckTest" name="test_is_ok" time="0.000367"></testcase></testsuite><testsuite name="registration.tests.backends.BackendRetrievalTests"><testcase classname="registration.tests.backends.BackendRetrievalTests" name="test_backend_attribute_error" time="0.000475"></testcase><testcase classname="registration.tests.backends.BackendRetrievalTests" name="test_backend_error_invalid" time="0.000517"></testcase><testcase classname="registration.tests.backends.BackendRetrievalTests" name="test_get_backend" time="0.000479"></testcase></testsuite><testsuite name="registration.tests.backends.DefaultRegistrationBackendTests"><testcase classname="registration.tests.backends.DefaultRegistrationBackendTests" name="test_activation_action" time="1.032596"></testcase><testcase classname="registration.tests.backends.DefaultRegistrationBackendTests" name="test_activation_signal_failure" time="0.846234"></testcase><testcase classname="registration.tests.backends.DefaultRegistrationBackendTests" name="test_activation_signal_success" time="1.026696"></testcase><testcase classname="registration.tests.backends.DefaultRegistrationBackendTests" name="test_allow" time="0.001623"></testcase><testcase classname="registration.tests.backends.DefaultRegistrationBackendTests" name="test_email_send_action" time="0.798074"></testcase><testcase classname="registration.tests.backends.DefaultRegistrationBackendTests" name="test_email_send_action_no_sites" time="0.719207"></testcase><testcase classname="registration.tests.backends.DefaultRegistrationBackendTests" name="test_form_class" time="0.001046"></testcase><testcase classname="registration.tests.backends.DefaultRegistrationBackendTests" name="test_invalid_activation" time="0.898072"></testcase><testcase classname="registration.tests.backends.DefaultRegistrationBackendTests" name="test_post_registration_redirect" time="0.001606"></testcase><testcase classname="registration.tests.backends.DefaultRegistrationBackendTests" name="test_registration" time="0.592402"></testcase><testcase classname="registration.tests.backends.DefaultRegistrationBackendTests" name="test_registration_no_sites" time="0.533702"></testcase><testcase classname="registration.tests.backends.DefaultRegistrationBackendTests" name="test_registration_signal" time="0.595973"></testcase><testcase classname="registration.tests.backends.DefaultRegistrationBackendTests" name="test_valid_activation" time="1.046367"></testcase></testsuite><testsuite name="registration.tests.forms.RegistrationFormTests"><testcase classname="registration.tests.forms.RegistrationFormTests" name="test_registration_form" time="0.510429"></testcase><testcase classname="registration.tests.forms.RegistrationFormTests" name="test_registration_form_no_free_email" time="1.036535"></testcase><testcase classname="registration.tests.forms.RegistrationFormTests" name="test_registration_form_tos" time="0.348955"></testcase><testcase classname="registration.tests.forms.RegistrationFormTests" name="test_registration_form_unique_email" time="0.841048"></testcase></testsuite><testsuite name="registration.tests.models.RegistrationModelTests"><testcase classname="registration.tests.models.RegistrationModelTests" name="test_activation_already_activated" time="1.349879"></testcase><testcase classname="registration.tests.models.RegistrationModelTests" name="test_activation_email" time="0.454767"></testcase><testcase classname="registration.tests.models.RegistrationModelTests" name="test_activation_invalid_key" time="0.000596"></testcase><testcase classname="registration.tests.models.RegistrationModelTests" name="test_activation_nonexistent_key" time="0.196494"></testcase><testcase classname="registration.tests.models.RegistrationModelTests" name="test_expired_account" time="0.769242"></testcase><testcase classname="registration.tests.models.RegistrationModelTests" name="test_expired_activation" time="1.005713"></testcase><testcase classname="registration.tests.models.RegistrationModelTests" name="test_expired_user_deletion" time="1.969902"></testcase><testcase classname="registration.tests.models.RegistrationModelTests" name="test_management_command" time="2.081637"></testcase><testcase classname="registration.tests.models.RegistrationModelTests" name="test_profile_creation" time="0.385736"></testcase><testcase classname="registration.tests.models.RegistrationModelTests" name="test_unexpired_account" time="0.737385"></testcase><testcase classname="registration.tests.models.RegistrationModelTests" name="test_user_creation" time="0.543455"></testcase><testcase classname="registration.tests.models.RegistrationModelTests" name="test_user_creation_email" time="0.591716"></testcase><testcase classname="registration.tests.models.RegistrationModelTests" name="test_user_creation_no_email" time="0.806017"></testcase><testcase classname="registration.tests.models.RegistrationModelTests" name="test_valid_activation" time="1.383198"></testcase></testsuite><testsuite name="registration.tests.RegistrationVersionInfoTests"><testcase classname="registration.tests.RegistrationVersionInfoTests" name="test_get_version" time="0.002576"><failure message="'1.0' != '1.0 pre-alpha'">Traceback (most recent call last):
  File "/home/ani/.virtualenvs/myjobs/lib/python2.7/site-packages/registration/tests/__init__.py", line 45, in test_get_version
    self.assertEqual(registration.get_version(), version_dict['expected'])
AssertionError: '1.0' != '1.0 pre-alpha'
</failure></testcase></testsuite><testsuite name="registration.tests.views.RegistrationViewTests"><testcase classname="registration.tests.views.RegistrationViewTests" name="test_activation_extra_context" time="0.397691"></testcase><testcase classname="registration.tests.views.RegistrationViewTests" name="test_activation_success_url" time="1.348354"><error message="Invalid template name in 'extends' tag: ''. Got this from the 'base' variable.">Traceback (most recent call last):
  File "/home/ani/.virtualenvs/myjobs/lib/python2.7/site-packages/registration/tests/views.py", line 224, in test_activation_success_url
    self.assertRedirects(response, success_redirect)
  File "/home/ani/.virtualenvs/myjobs/lib/python2.7/site-packages/django/test/testcases.py", line 389, in assertRedirects
    redirect_response = response.client.get(path, QueryDict(query))
  File "/home/ani/.virtualenvs/myjobs/lib/python2.7/site-packages/django/test/client.py", line 439, in get
    response = super(Client, self).get(path, data=data, **extra)
  File "/home/ani/.virtualenvs/myjobs/lib/python2.7/site-packages/django/test/client.py", line 241, in get
    return self.request(**r)
  File "/home/ani/.virtualenvs/myjobs/lib/python2.7/site-packages/django/test/client.py", line 381, in request
    response = self.handler(environ)
  File "/home/ani/.virtualenvs/myjobs/lib/python2.7/site-packages/django/test/client.py", line 84, in __call__
    response = self.get_response(request)
  File "/home/ani/.virtualenvs/myjobs/lib/python2.7/site-packages/django/core/handlers/base.py", line 169, in get_response
    response = self.handle_uncaught_exception(request, resolver, sys.exc_info())
  File "/home/ani/.virtualenvs/myjobs/lib/python2.7/site-packages/django/core/handlers/base.py", line 218, in handle_uncaught_exception
    return callback(request, **param_dict)
  File "/home/ani/.virtualenvs/myjobs/lib/python2.7/site-packages/django/utils/decorators.py", line 93, in _wrapped_view
    response = view_func(request, *args, **kwargs)
  File "/home/ani/.virtualenvs/myjobs/lib/python2.7/site-packages/django/views/defaults.py", line 31, in server_error
    return http.HttpResponseServerError(t.render(Context({})))
  File "/home/ani/.virtualenvs/myjobs/lib/python2.7/site-packages/django/template/base.py", line 123, in render
    return self._render(context)
  File "/home/ani/.virtualenvs/myjobs/lib/python2.7/site-packages/django/test/utils.py", line 60, in instrumented_test_render
    return self.nodelist.render(context)
  File "/home/ani/.virtualenvs/myjobs/lib/python2.7/site-packages/django/template/base.py", line 744, in render
    bits.append(self.render_node(node, context))
  File "/home/ani/.virtualenvs/myjobs/lib/python2.7/site-packages/django/template/debug.py", line 73, in render_node
    result = node.render(context)
  File "/home/ani/.virtualenvs/myjobs/lib/python2.7/site-packages/django/template/loader_tags.py", line 105, in render
    compiled_parent = self.get_parent(context)
  File "/home/ani/.virtualenvs/myjobs/lib/python2.7/site-packages/django/template/loader_tags.py", line 99, in get_parent
    raise TemplateSyntaxError(error_msg)
TemplateSyntaxError: Invalid template name in 'extends' tag: ''. Got this from the 'base' variable.
</error></testcase><testcase classname="registration.tests.views.RegistrationViewTests" name="test_activation_template_name" time="0.284322"><error message="Invalid template name in 'extends' tag: ''. Got this from the 'base' variable.">Traceback (most recent call last):
  File "/home/ani/.virtualenvs/myjobs/lib/python2.7/site-packages/registration/tests/views.py", line 233, in test_activation_template_name
    kwargs={'activation_key': 'foo'}))
  File "/home/ani/.virtualenvs/myjobs/lib/python2.7/site-packages/django/test/client.py", line 439, in get
    response = super(Client, self).get(path, data=data, **extra)
  File "/home/ani/.virtualenvs/myjobs/lib/python2.7/site-packages/django/test/client.py", line 241, in get
    return self.request(**r)
  File "/home/ani/.virtualenvs/myjobs/lib/python2.7/site-packages/django/test/client.py", line 381, in request
    response = self.handler(environ)
  File "/home/ani/.virtualenvs/myjobs/lib/python2.7/site-packages/django/test/client.py", line 84, in __call__
    response = self.get_response(request)
  File "/home/ani/.virtualenvs/myjobs/lib/python2.7/site-packages/django/core/handlers/base.py", line 169, in get_response
    response = self.handle_uncaught_exception(request, resolver, sys.exc_info())
  File "/home/ani/.virtualenvs/myjobs/lib/python2.7/site-packages/django/core/handlers/base.py", line 218, in handle_uncaught_exception
    return callback(request, **param_dict)
  File "/home/ani/.virtualenvs/myjobs/lib/python2.7/site-packages/django/utils/decorators.py", line 93, in _wrapped_view
    response = view_func(request, *args, **kwargs)
  File "/home/ani/.virtualenvs/myjobs/lib/python2.7/site-packages/django/views/defaults.py", line 31, in server_error
    return http.HttpResponseServerError(t.render(Context({})))
  File "/home/ani/.virtualenvs/myjobs/lib/python2.7/site-packages/django/template/base.py", line 123, in render
    return self._render(context)
  File "/home/ani/.virtualenvs/myjobs/lib/python2.7/site-packages/django/test/utils.py", line 60, in instrumented_test_render
    return self.nodelist.render(context)
  File "/home/ani/.virtualenvs/myjobs/lib/python2.7/site-packages/django/template/base.py", line 744, in render
    bits.append(self.render_node(node, context))
  File "/home/ani/.virtualenvs/myjobs/lib/python2.7/site-packages/django/template/debug.py", line 73, in render_node
    result = node.render(context)
  File "/home/ani/.virtualenvs/myjobs/lib/python2.7/site-packages/django/template/loader_tags.py", line 105, in render
    compiled_parent = self.get_parent(context)
  File "/home/ani/.virtualenvs/myjobs/lib/python2.7/site-packages/django/template/loader_tags.py", line 99, in get_parent
    raise TemplateSyntaxError(error_msg)
TemplateSyntaxError: Invalid template name in 'extends' tag: ''. Got this from the 'base' variable.
</error></testcase><testcase classname="registration.tests.views.RegistrationViewTests" name="test_invalid_activation" time="1.035438"></testcase><testcase classname="registration.tests.views.RegistrationViewTests" name="test_registration_disallowed_url" time="0.256852"><error message="Invalid template name in 'extends' tag: ''. Got this from the 'base' variable.">Traceback (most recent call last):
  File "/home/ani/.virtualenvs/myjobs/lib/python2.7/site-packages/registration/tests/views.py", line 143, in test_registration_disallowed_url
    self.assertRedirects(response, closed_redirect)
  File "/home/ani/.virtualenvs/myjobs/lib/python2.7/site-packages/django/test/testcases.py", line 389, in assertRedirects
    redirect_response = response.client.get(path, QueryDict(query))
  File "/home/ani/.virtualenvs/myjobs/lib/python2.7/site-packages/django/test/client.py", line 439, in get
    response = super(Client, self).get(path, data=data, **extra)
  File "/home/ani/.virtualenvs/myjobs/lib/python2.7/site-packages/django/test/client.py", line 241, in get
    return self.request(**r)
  File "/home/ani/.virtualenvs/myjobs/lib/python2.7/site-packages/django/test/client.py", line 381, in request
    response = self.handler(environ)
  File "/home/ani/.virtualenvs/myjobs/lib/python2.7/site-packages/django/test/client.py", line 84, in __call__
    response = self.get_response(request)
  File "/home/ani/.virtualenvs/myjobs/lib/python2.7/site-packages/django/core/handlers/base.py", line 169, in get_response
    response = self.handle_uncaught_exception(request, resolver, sys.exc_info())
  File "/home/ani/.virtualenvs/myjobs/lib/python2.7/site-packages/django/core/handlers/base.py", line 218, in handle_uncaught_exception
    return callback(request, **param_dict)
  File "/home/ani/.virtualenvs/myjobs/lib/python2.7/site-packages/django/utils/decorators.py", line 93, in _wrapped_view
    response = view_func(request, *args, **kwargs)
  File "/home/ani/.virtualenvs/myjobs/lib/python2.7/site-packages/django/views/defaults.py", line 31, in server_error
    return http.HttpResponseServerError(t.render(Context({})))
  File "/home/ani/.virtualenvs/myjobs/lib/python2.7/site-packages/django/template/base.py", line 123, in render
    return self._render(context)
  File "/home/ani/.virtualenvs/myjobs/lib/python2.7/site-packages/django/test/utils.py", line 60, in instrumented_test_render
    return self.nodelist.render(context)
  File "/home/ani/.virtualenvs/myjobs/lib/python2.7/site-packages/django/template/base.py", line 744, in render
    bits.append(self.render_node(node, context))
  File "/home/ani/.virtualenvs/myjobs/lib/python2.7/site-packages/django/template/debug.py", line 73, in render_node
    result = node.render(context)
  File "/home/ani/.virtualenvs/myjobs/lib/python2.7/site-packages/django/template/loader_tags.py", line 105, in render
    compiled_parent = self.get_parent(context)
  File "/home/ani/.virtualenvs/myjobs/lib/python2.7/site-packages/django/template/loader_tags.py", line 99, in get_parent
    raise TemplateSyntaxError(error_msg)
TemplateSyntaxError: Invalid template name in 'extends' tag: ''. Got this from the 'base' variable.
</error></testcase><testcase classname="registration.tests.views.RegistrationViewTests" name="test_registration_extra_context" time="0.020624"><error message="'NoneType' object has no attribute '__getitem__'">Traceback (most recent call last):
  File "/home/ani/.virtualenvs/myjobs/lib/python2.7/site-packages/registration/tests/views.py", line 127, in test_registration_extra_context
    self.assertEqual(response.context['foo'], 'bar')
TypeError: 'NoneType' object has no attribute '__getitem__'
</error></testcase><testcase classname="registration.tests.views.RegistrationViewTests" name="test_registration_success_url" time="0.253115"><error message="Invalid template name in 'extends' tag: ''. Got this from the 'base' variable.">Traceback (most recent call last):
  File "/home/ani/.virtualenvs/myjobs/lib/python2.7/site-packages/registration/tests/views.py", line 159, in test_registration_success_url
    self.assertRedirects(response, success_redirect)
  File "/home/ani/.virtualenvs/myjobs/lib/python2.7/site-packages/django/test/testcases.py", line 389, in assertRedirects
    redirect_response = response.client.get(path, QueryDict(query))
  File "/home/ani/.virtualenvs/myjobs/lib/python2.7/site-packages/django/test/client.py", line 439, in get
    response = super(Client, self).get(path, data=data, **extra)
  File "/home/ani/.virtualenvs/myjobs/lib/python2.7/site-packages/django/test/client.py", line 241, in get
    return self.request(**r)
  File "/home/ani/.virtualenvs/myjobs/lib/python2.7/site-packages/django/test/client.py", line 381, in request
    response = self.handler(environ)
  File "/home/ani/.virtualenvs/myjobs/lib/python2.7/site-packages/django/test/client.py", line 84, in __call__
    response = self.get_response(request)
  File "/home/ani/.virtualenvs/myjobs/lib/python2.7/site-packages/django/core/handlers/base.py", line 169, in get_response
    response = self.handle_uncaught_exception(request, resolver, sys.exc_info())
  File "/home/ani/.virtualenvs/myjobs/lib/python2.7/site-packages/django/core/handlers/base.py", line 218, in handle_uncaught_exception
    return callback(request, **param_dict)
  File "/home/ani/.virtualenvs/myjobs/lib/python2.7/site-packages/django/utils/decorators.py", line 93, in _wrapped_view
    response = view_func(request, *args, **kwargs)
  File "/home/ani/.virtualenvs/myjobs/lib/python2.7/site-packages/django/views/defaults.py", line 31, in server_error
    return http.HttpResponseServerError(t.render(Context({})))
  File "/home/ani/.virtualenvs/myjobs/lib/python2.7/site-packages/django/template/base.py", line 123, in render
    return self._render(context)
  File "/home/ani/.virtualenvs/myjobs/lib/python2.7/site-packages/django/test/utils.py", line 60, in instrumented_test_render
    return self.nodelist.render(context)
  File "/home/ani/.virtualenvs/myjobs/lib/python2.7/site-packages/django/template/base.py", line 744, in render
    bits.append(self.render_node(node, context))
  File "/home/ani/.virtualenvs/myjobs/lib/python2.7/site-packages/django/template/debug.py", line 73, in render_node
    result = node.render(context)
  File "/home/ani/.virtualenvs/myjobs/lib/python2.7/site-packages/django/template/loader_tags.py", line 105, in render
    compiled_parent = self.get_parent(context)
  File "/home/ani/.virtualenvs/myjobs/lib/python2.7/site-packages/django/template/loader_tags.py", line 99, in get_parent
    raise TemplateSyntaxError(error_msg)
TemplateSyntaxError: Invalid template name in 'extends' tag: ''. Got this from the 'base' variable.
</error></testcase><testcase classname="registration.tests.views.RegistrationViewTests" name="test_registration_template_name" time="0.012993"><failure message="No templates used to render the response">Traceback (most recent call last):
  File "/home/ani/.virtualenvs/myjobs/lib/python2.7/site-packages/registration/tests/views.py", line 118, in test_registration_template_name
    'registration/test_template_name.html')
  File "/home/ani/.virtualenvs/myjobs/lib/python2.7/site-packages/django/test/testcases.py", line 510, in assertTemplateUsed
    self.fail(msg_prefix + "No templates used to render the response")
AssertionError: No templates used to render the response
</failure></testcase><testcase classname="registration.tests.views.RegistrationViewTests" name="test_registration_view_closed" time="0.229511"><error message="Invalid template name in 'extends' tag: ''. Got this from the 'base' variable.">Traceback (most recent call last):
  File "/home/ani/.virtualenvs/myjobs/lib/python2.7/site-packages/registration/tests/views.py", line 97, in test_registration_view_closed
    self.assertRedirects(response, closed_redirect)
  File "/home/ani/.virtualenvs/myjobs/lib/python2.7/site-packages/django/test/testcases.py", line 389, in assertRedirects
    redirect_response = response.client.get(path, QueryDict(query))
  File "/home/ani/.virtualenvs/myjobs/lib/python2.7/site-packages/django/test/client.py", line 439, in get
    response = super(Client, self).get(path, data=data, **extra)
  File "/home/ani/.virtualenvs/myjobs/lib/python2.7/site-packages/django/test/client.py", line 241, in get
    return self.request(**r)
  File "/home/ani/.virtualenvs/myjobs/lib/python2.7/site-packages/django/test/client.py", line 381, in request
    response = self.handler(environ)
  File "/home/ani/.virtualenvs/myjobs/lib/python2.7/site-packages/django/test/client.py", line 84, in __call__
    response = self.get_response(request)
  File "/home/ani/.virtualenvs/myjobs/lib/python2.7/site-packages/django/core/handlers/base.py", line 169, in get_response
    response = self.handle_uncaught_exception(request, resolver, sys.exc_info())
  File "/home/ani/.virtualenvs/myjobs/lib/python2.7/site-packages/django/core/handlers/base.py", line 218, in handle_uncaught_exception
    return callback(request, **param_dict)
  File "/home/ani/.virtualenvs/myjobs/lib/python2.7/site-packages/django/utils/decorators.py", line 93, in _wrapped_view
    response = view_func(request, *args, **kwargs)
  File "/home/ani/.virtualenvs/myjobs/lib/python2.7/site-packages/django/views/defaults.py", line 31, in server_error
    return http.HttpResponseServerError(t.render(Context({})))
  File "/home/ani/.virtualenvs/myjobs/lib/python2.7/site-packages/django/template/base.py", line 123, in render
    return self._render(context)
  File "/home/ani/.virtualenvs/myjobs/lib/python2.7/site-packages/django/test/utils.py", line 60, in instrumented_test_render
    return self.nodelist.render(context)
  File "/home/ani/.virtualenvs/myjobs/lib/python2.7/site-packages/django/template/base.py", line 744, in render
    bits.append(self.render_node(node, context))
  File "/home/ani/.virtualenvs/myjobs/lib/python2.7/site-packages/django/template/debug.py", line 73, in render_node
    result = node.render(context)
  File "/home/ani/.virtualenvs/myjobs/lib/python2.7/site-packages/django/template/loader_tags.py", line 105, in render
    compiled_parent = self.get_parent(context)
  File "/home/ani/.virtualenvs/myjobs/lib/python2.7/site-packages/django/template/loader_tags.py", line 99, in get_parent
    raise TemplateSyntaxError(error_msg)
TemplateSyntaxError: Invalid template name in 'extends' tag: ''. Got this from the 'base' variable.
</error></testcase><testcase classname="registration.tests.views.RegistrationViewTests" name="test_registration_view_failure" time="0.016411"><failure message="302 != 200">Traceback (most recent call last):
  File "/home/ani/.virtualenvs/myjobs/lib/python2.7/site-packages/registration/tests/views.py", line 79, in test_registration_view_failure
    self.assertEqual(response.status_code, 200)
AssertionError: 302 != 200
</failure></testcase><testcase classname="registration.tests.views.RegistrationViewTests" name="test_registration_view_initial" time="0.010193"><failure message="302 != 200">Traceback (most recent call last):
  File "/home/ani/.virtualenvs/myjobs/lib/python2.7/site-packages/registration/tests/views.py", line 46, in test_registration_view_initial
    self.assertEqual(response.status_code, 200)
AssertionError: 302 != 200
</failure></testcase><testcase classname="registration.tests.views.RegistrationViewTests" name="test_registration_view_success" time="0.214587"><error message="Invalid template name in 'extends' tag: ''. Got this from the 'base' variable.">Traceback (most recent call last):
  File "/home/ani/.virtualenvs/myjobs/lib/python2.7/site-packages/registration/tests/views.py", line 64, in test_registration_view_success
    'http://testserver%s' % reverse('registration_complete'))
  File "/home/ani/.virtualenvs/myjobs/lib/python2.7/site-packages/django/test/testcases.py", line 389, in assertRedirects
    redirect_response = response.client.get(path, QueryDict(query))
  File "/home/ani/.virtualenvs/myjobs/lib/python2.7/site-packages/django/test/client.py", line 439, in get
    response = super(Client, self).get(path, data=data, **extra)
  File "/home/ani/.virtualenvs/myjobs/lib/python2.7/site-packages/django/test/client.py", line 241, in get
    return self.request(**r)
  File "/home/ani/.virtualenvs/myjobs/lib/python2.7/site-packages/django/test/client.py", line 381, in request
    response = self.handler(environ)
  File "/home/ani/.virtualenvs/myjobs/lib/python2.7/site-packages/django/test/client.py", line 84, in __call__
    response = self.get_response(request)
  File "/home/ani/.virtualenvs/myjobs/lib/python2.7/site-packages/django/core/handlers/base.py", line 169, in get_response
    response = self.handle_uncaught_exception(request, resolver, sys.exc_info())
  File "/home/ani/.virtualenvs/myjobs/lib/python2.7/site-packages/django/core/handlers/base.py", line 218, in handle_uncaught_exception
    return callback(request, **param_dict)
  File "/home/ani/.virtualenvs/myjobs/lib/python2.7/site-packages/django/utils/decorators.py", line 93, in _wrapped_view
    response = view_func(request, *args, **kwargs)
  File "/home/ani/.virtualenvs/myjobs/lib/python2.7/site-packages/django/views/defaults.py", line 31, in server_error
    return http.HttpResponseServerError(t.render(Context({})))
  File "/home/ani/.virtualenvs/myjobs/lib/python2.7/site-packages/django/template/base.py", line 123, in render
    return self._render(context)
  File "/home/ani/.virtualenvs/myjobs/lib/python2.7/site-packages/django/test/utils.py", line 60, in instrumented_test_render
    return self.nodelist.render(context)
  File "/home/ani/.virtualenvs/myjobs/lib/python2.7/site-packages/django/template/base.py", line 744, in render
    bits.append(self.render_node(node, context))
  File "/home/ani/.virtualenvs/myjobs/lib/python2.7/site-packages/django/template/debug.py", line 73, in render_node
    result = node.render(context)
  File "/home/ani/.virtualenvs/myjobs/lib/python2.7/site-packages/django/template/loader_tags.py", line 105, in render
    compiled_parent = self.get_parent(context)
  File "/home/ani/.virtualenvs/myjobs/lib/python2.7/site-packages/django/template/loader_tags.py", line 99, in get_parent
    raise TemplateSyntaxError(error_msg)
TemplateSyntaxError: Invalid template name in 'extends' tag: ''. Got this from the 'base' variable.
</error></testcase><testcase classname="registration.tests.views.RegistrationViewTests" name="test_valid_activation" time="0.232739"><error message="RegistrationProfile matching query does not exist.">Traceback (most recent call last):
  File "/home/ani/.virtualenvs/myjobs/lib/python2.7/site-packages/registration/tests/views.py", line 176, in test_valid_activation
    profile = RegistrationProfile.objects.get(user__username='alice')
  File "/home/ani/.virtualenvs/myjobs/lib/python2.7/site-packages/django/db/models/manager.py", line 132, in get
    return self.get_query_set().get(*args, **kwargs)
  File "/home/ani/.virtualenvs/myjobs/lib/python2.7/site-packages/django/db/models/query.py", line 349, in get
    % self.model._meta.object_name)
DoesNotExist: RegistrationProfile matching query does not exist.
</error></testcase></testsuite><testsuite name="registration.tests.backends.SimpleRegistrationBackendTests"><testcase classname="registration.tests.backends.SimpleRegistrationBackendTests" name="test_activation" time="0.001002"></testcase><testcase classname="registration.tests.backends.SimpleRegistrationBackendTests" name="test_allow" time="0.001602"></testcase><testcase classname="registration.tests.backends.SimpleRegistrationBackendTests" name="test_form_class" time="0.000834"></testcase><testcase classname="registration.tests.backends.SimpleRegistrationBackendTests" name="test_post_activation_redirect" time="0.001015"></testcase><testcase classname="registration.tests.backends.SimpleRegistrationBackendTests" name="test_post_registration_redirect" time="0.830826"></testcase><testcase classname="registration.tests.backends.SimpleRegistrationBackendTests" name="test_registration" time="0.821452"></testcase><testcase classname="registration.tests.backends.SimpleRegistrationBackendTests" name="test_registration_signal" time="0.824581"></testcase></testsuite><testsuite name="app.tests.ContextProcessorTest"><testcase classname="app.tests.ContextProcessorTest" name="test_current_site_info" time="0.228746"></testcase></testsuite><testsuite name="app.tests.SmtpApiTest"><testcase classname="app.tests.SmtpApiTest" name="test_send_mail_with_headers" time="0.064603"></testcase><testcase classname="app.tests.SmtpApiTest" name="test_smtpaipheader_addCategory" time="0.004721"></testcase><testcase classname="app.tests.SmtpApiTest" name="test_smtpapiheader_addTo" time="0.000554"></testcase><testcase classname="app.tests.SmtpApiTest" name="test_smtpapiheader_asJSON" time="0.000563"></testcase><testcase classname="app.tests.SmtpApiTest" name="test_smtpapiheader_as_django_header" time="0.000575"></testcase><testcase classname="app.tests.SmtpApiTest" name="test_smtpapiheader_setUniqueArgs" time="0.000486"></testcase></testsuite></testsuites>